
> client@0.0.0 build
> tsc -b && vite build

src/features/admin/components/AdminPropertyDetails.tsx(63,31): error TS2322: Type 'PropertyData' is not assignable to type '{ propertyType: string; areaSqft?: number | undefined; bhk?: number | undefined; bathrooms?: number | undefined; floorNumber?: string | undefined; monthlyRent?: number | undefined; }'.
  Types of property 'areaSqft' are incompatible.
    Type 'number | null | undefined' is not assignable to type 'number | undefined'.
      Type 'null' is not assignable to type 'number | undefined'.
src/features/admin/components/partials/AdminPropertyHeader.tsx(4,29): error TS2307: Cannot find module '../../../config/routes' or its corresponding type declarations.
src/features/property/components/partials/PropertyCard.tsx(13,8): error TS2307: Cannot find module '../services/propertyService' or its corresponding type declarations.
src/features/property/components/partials/PropertyCard.tsx(14,29): error TS2307: Cannot find module '../hooks/useWishlist' or its corresponding type declarations.
src/features/property/components/partials/PropertyCard.tsx(16,35): error TS2307: Cannot find module '../types/propertyTypes' or its corresponding type declarations.
src/features/property/components/partials/PropertyCard.tsx(22,29): error TS2307: Cannot find module '../../../config/routes' or its corresponding type declarations.
src/features/property/components/partials/PropertyCard.tsx(24,32): error TS2307: Cannot find module '../../../app/store/store' or its corresponding type declarations.
src/features/property/components/partials/PropertyCard.tsx(25,27): error TS2307: Cannot find module '../../../types/constants/role.constant' or its corresponding type declarations.
src/features/property/components/partials/PropertyCard.tsx(27,32): error TS2307: Cannot find module '../../../types/constants/property.constant' or its corresponding type declarations.
src/features/property/components/partials/PropertyCardModals.tsx(2,23): error TS2307: Cannot find module '../../../components/common' or its corresponding type declarations.
src/features/property/components/partials/PropertyCardUtils.ts(1,32): error TS2307: Cannot find module '../../../types/constants/property.constant' or its corresponding type declarations.
src/features/property/components/partials/PropertyFilters.tsx(69,13): error TS2322: Type '{}' is not assignable to type 'string | number | readonly string[] | undefined'.
src/features/property/components/partials/PropertyGrid.tsx(4,30): error TS2307: Cannot find module '../../../components/common/PropertySkeleton' or its corresponding type declarations.
src/features/property/components/partials/PropertyGrid.tsx(5,35): error TS2307: Cannot find module '../types/propertyTypes' or its corresponding type declarations.
src/features/property/components/ServiceProviderManagement.tsx(12,3): error TS6133: 'ChevronRight' is declared but its value is never read.
src/features/property/components/ServiceProviderManagement.tsx(174,13): error TS2322: Type 'Dispatch<SetStateAction<{ providerName: string; providerType: string; phone: string; typicalChargesMin: string; typicalChargesMax: string; }>>' is not assignable to type '(provider: unknown) => void'.
  Types of parameters 'value' and 'provider' are incompatible.
    Type 'unknown' is not assignable to type 'SetStateAction<{ providerName: string; providerType: string; phone: string; typicalChargesMin: string; typicalChargesMax: string; }>'.
src/features/property/components/WishlistPage.tsx(7,26): error TS2307: Cannot find module './PropertyCard' or its corresponding type declarations.
